// Jest Snapshot v1, https://goo.gl/fbAQLP

exports[`'add task' button is rendered 1`] = `
<div>
  <button
    class="absolute bottom-4 right-4 mr-2 inline-block rounded bg-indigo-600 px-8 py-3 text-sm font-medium text-white transition hover:scale-110 hover:shadow-xl focus:outline-none focus:ring active:bg-indigo-500"
  >
    Add Task
  </button>
</div>
`;
